
C:\devkitARM\elfpack2>R373_G_0E.30.49R.cmd

C:\devkitARM\elfpack2>rem @echo off

C:\devkitARM\elfpack2>set PATH=C:\ARM;C:\Program Files (x86)\Common Files\Oracle\Java\javapath;C:\Windows\system32;C:\Windows;C:\Windows\System32\Wbem;C:\Windows\System32\WindowsPowerShell\v1.0\;C:\Windows\System32\OpenSSH\;C:\Program Files\Git\cmd;C:\Program Files\CMake\bin;C:\Users\exlmo\AppData\Local\Programs\Python\Python311\Scripts\;C:\Users\exlmo\AppData\Local\Programs\Python\Python311\;C:\Users\exlmo\AppData\Local\Microsoft\WindowsApps;C:\Users\exlmo\AppData\Local\Programs\Microsoft VS Code\bin;;..\

C:\devkitARM\elfpack2>set FW=R373_G_0E.30.49R

C:\devkitARM\elfpack2>set OPT=-DPATCH -DR373_G_0E_30_49R -DFTR_E398

C:\devkitARM\elfpack2>set OPT=-DPATCH -DR373_G_0E_30_49R -DFTR_E398 -DFTR_PHONE_PLATFORM=\"LTE\" -DFTR_PHONE_NAME=\"E398\"

C:\devkitARM\elfpack2>set OPT=-DPATCH -DR373_G_0E_30_49R -DFTR_E398 -DFTR_PHONE_PLATFORM=\"LTE\" -DFTR_PHONE_NAME=\"E398\" -DFTR_KEYPAD_TYPE=KP_THREE_POLE -DFTR_NOAUTORUN_KEY=KEY_0

C:\devkitARM\elfpack2>set OPT=-DPATCH -DR373_G_0E_30_49R -DFTR_E398 -DFTR_PHONE_PLATFORM=\"LTE\" -DFTR_PHONE_NAME=\"E398\" -DFTR_KEYPAD_TYPE=KP_THREE_POLE -DFTR_NOAUTORUN_KEY=KEY_0 -DFTR_FAST_KEY=KEY_FAST_ACCESS

C:\devkitARM\elfpack2>set OPT=-DPATCH -DR373_G_0E_30_49R -DFTR_E398 -DFTR_PHONE_PLATFORM=\"LTE\" -DFTR_PHONE_NAME=\"E398\" -DFTR_KEYPAD_TYPE=KP_THREE_POLE -DFTR_NOAUTORUN_KEY=KEY_0 -DFTR_FAST_KEY=KEY_FAST_ACCESS -DDEBUG

C:\devkitARM\elfpack2>rem -DLOG_TO_FILE -DDUMP_ELF

C:\devkitARM\elfpack2>rem ═α≈αδε ∩≡ε°Φ

C:\devkitARM\elfpack2>set fw_start=0x10080000

C:\devkitARM\elfpack2>rem ╩≤Σα δεµΦ≥ⁿ ∩α≥≈

C:\devkitARM\elfpack2>set off=0x00C73000

C:\devkitARM\elfpack2>rem ╧α≥≈ φα τα∩≤±Ω ▌╧

C:\devkitARM\elfpack2>set register_off=0x0025A434

C:\devkitARM\elfpack2>rem ╤∞σ∙σφΦσ Σδ  ∩α≥≈α UpdateDisplay

C:\devkitARM\elfpack2>set UDInjOff=0x00028DF0

C:\devkitARM\elfpack2>rem └Σ≡σ± ∩α∞ ≥Φ Σδ  EP2, φσ ∞σφⁿ°σ 0x400 ßαΘ≥

C:\devkitARM\elfpack2>rem 0x12200000-0x122008CC = Datalogger A51

C:\devkitARM\elfpack2>rem set RAMAddr=0x122008E0

C:\devkitARM\elfpack2>set RAMAddr=0x124FD320

C:\devkitARM\elfpack2>rem ================================================================================

C:\devkitARM\elfpack2>start /B /WAIT Build_common.cmd

C:\devkitARM\elfpack2>rem @echo off

C:\devkitARM\elfpack2>SETLOCAL ENABLEDELAYEDEXPANSION

C:\devkitARM\elfpack2>set SDK=..\..\SDK

C:\devkitARM\elfpack2>set symfile=R373_G_0E.30.49R.sym

C:\devkitARM\elfpack2>echo BUILD ELFPACK R373_G_0E.30.49R
BUILD ELFPACK R373_G_0E.30.49R

C:\devkitARM\elfpack2>set /a addr="off+fw_start"

C:\devkitARM\elfpack2>dec2hex 282013696  1>res.txt

C:\devkitARM\elfpack2>set /p addr= 0<res.txt

C:\devkitARM\elfpack2>rem echo 0x10CF3000

C:\devkitARM\elfpack2>set /a UDInjAddr="UDInjOff+fw_start"

C:\devkitARM\elfpack2>dec2hex 269127152  1>res.txt

C:\devkitARM\elfpack2>set /p UDInjAddr= 0<res.txt

C:\devkitARM\elfpack2>echo.


C:\devkitARM\elfpack2>echo ------------------------------ Compiling Elfpack -------------------------------
------------------------------ Compiling Elfpack -------------------------------

C:\devkitARM\elfpack2>echo.


C:\devkitARM\elfpack2>pushd mainsrc\

C:\devkitARM\elfpack2\mainsrc>rem ### C

C:\devkitARM\elfpack2\mainsrc>set src_input=

C:\devkitARM\elfpack2\mainsrc>for %c in (*.c) do (
set src_input=!src_input! %c
 rem echo %c
)

C:\devkitARM\elfpack2\mainsrc>(
set src_input=!src_input! API.c
 rem echo API.c
)

C:\devkitARM\elfpack2\mainsrc>(
set src_input=!src_input! autorun.c
 rem echo autorun.c
)

C:\devkitARM\elfpack2\mainsrc>(
set src_input=!src_input! config.c
 rem echo config.c
)

C:\devkitARM\elfpack2\mainsrc>(
set src_input=!src_input! console.c
 rem echo console.c
)

C:\devkitARM\elfpack2\mainsrc>(
set src_input=!src_input! dd.c
 rem echo dd.c
)

C:\devkitARM\elfpack2\mainsrc>(
set src_input=!src_input! dispCallBacks.c
 rem echo dispCallBacks.c
)

C:\devkitARM\elfpack2\mainsrc>(
set src_input=!src_input! elfloaderApp.c
 rem echo elfloaderApp.c
)

C:\devkitARM\elfpack2\mainsrc>(
set src_input=!src_input! font.c
 rem echo font.c
)

C:\devkitARM\elfpack2\mainsrc>(
set src_input=!src_input! loadCommon.c
 rem echo loadCommon.c
)

C:\devkitARM\elfpack2\mainsrc>(
set src_input=!src_input! loadDefLib.c
 rem echo loadDefLib.c
)

C:\devkitARM\elfpack2\mainsrc>(
set src_input=!src_input! loadElf.c
 rem echo loadElf.c
)

C:\devkitARM\elfpack2\mainsrc>(
set src_input=!src_input! loadLibrary.c
 rem echo loadLibrary.c
)

C:\devkitARM\elfpack2\mainsrc>(
set src_input=!src_input! logo.c
 rem echo logo.c
)

C:\devkitARM\elfpack2\mainsrc>(
set src_input=!src_input! lolvl.c
 rem echo lolvl.c
)

C:\devkitARM\elfpack2\mainsrc>(
set src_input=!src_input! palette.c
 rem echo palette.c
)

C:\devkitARM\elfpack2\mainsrc>(
set src_input=!src_input! parser.c
 rem echo parser.c
)

C:\devkitARM\elfpack2\mainsrc>(
set src_input=!src_input! utils.c
 rem echo utils.c
)

C:\devkitARM\elfpack2\mainsrc>rem echo  API.c autorun.c config.c console.c dd.c dispCallBacks.c elfloaderApp.c font.c loadCommon.c loadDefLib.c loadElf.c loadLibrary.c logo.c lolvl.c palette.c parser.c utils.c

C:\devkitARM\elfpack2\mainsrc>tcc -I"..\..\SDK" -c -bigend -apcs /interwork -O2 -DPATCH -DR373_G_0E_30_49R -DFTR_E398 -DFTR_PHONE_PLATFORM=\"LTE\" -DFTR_PHONE_NAME=\"E398\" -DFTR_KEYPAD_TYPE=KP_THREE_POLE -DFTR_NOAUTORUN_KEY=KEY_0 -DFTR_FAST_KEY=KEY_FAST_ACCESS -DDEBUG   API.c autorun.c config.c console.c dd.c dispCallBacks.c elfloaderApp.c font.c loadCommon.c loadDefLib.c loadElf.c loadLibrary.c logo.c lolvl.c palette.c parser.c utils.c

C:\devkitARM\elfpack2\mainsrc>rem -errors ..\obj\errors_c.txt

C:\devkitARM\elfpack2\mainsrc>if ERRORLEVEL 1 goto :error_c

C:\devkitARM\elfpack2\mainsrc>rem ### ASM

C:\devkitARM\elfpack2\mainsrc>set src_input=

C:\devkitARM\elfpack2\mainsrc>for %c in (*.asm) do (
set src_input=!src_input! %c
 armasm -16 -bigend -apcs /interwork %c
 rem -errors ..\obj\errors_%c.txt
 if ERRORLEVEL 1 goto :error_asm
 rem echo %c
)

C:\devkitARM\elfpack2\mainsrc>(
set src_input=!src_input! dlopen.asm
 armasm -16 -bigend -apcs /interwork dlopen.asm
 rem -errors ..\obj\errors_dlopen.asm.txt
 if ERRORLEVEL 1 goto :error_asm
 rem echo dlopen.asm
)

C:\devkitARM\elfpack2\mainsrc>(
set src_input=!src_input! ldrUnloadElf.asm
 armasm -16 -bigend -apcs /interwork ldrUnloadElf.asm
 rem -errors ..\obj\errors_ldrUnloadElf.asm.txt
 if ERRORLEVEL 1 goto :error_asm
 rem echo ldrUnloadElf.asm
)

C:\devkitARM\elfpack2\mainsrc>(
set src_input=!src_input! patchlib.asm
 armasm -16 -bigend -apcs /interwork patchlib.asm
 rem -errors ..\obj\errors_patchlib.asm.txt
 if ERRORLEVEL 1 goto :error_asm
 rem echo patchlib.asm
)

C:\devkitARM\elfpack2\mainsrc>(
set src_input=!src_input! veneers.asm
 armasm -16 -bigend -apcs /interwork veneers.asm
 rem -errors ..\obj\errors_veneers.asm.txt
 if ERRORLEVEL 1 goto :error_asm
 rem echo veneers.asm
)

C:\devkitARM\elfpack2\mainsrc>rem echo  dlopen.asm ldrUnloadElf.asm patchlib.asm veneers.asm

C:\devkitARM\elfpack2\mainsrc>popd

C:\devkitARM\elfpack2>echo DONE
DONE

C:\devkitARM\elfpack2>echo.


C:\devkitARM\elfpack2>echo ----------------------------- Compiling UpdDispInj -----------------------------
----------------------------- Compiling UpdDispInj -----------------------------

C:\devkitARM\elfpack2>echo.


C:\devkitARM\elfpack2>pushd patchsrc\

C:\devkitARM\elfpack2\patchsrc>armasm -32 -bigend -apcs /interwork UpdateDisplayInjection.asm

C:\devkitARM\elfpack2\patchsrc>rem -errors ..\obj\errors_UDI.txt

C:\devkitARM\elfpack2\patchsrc>if ERRORLEVEL 1 goto :error_asm

C:\devkitARM\elfpack2\patchsrc>popd

C:\devkitARM\elfpack2>echo DONE
DONE

C:\devkitARM\elfpack2>echo.


C:\devkitARM\elfpack2>echo ----------------------------------- Linkage ------------------------------------
----------------------------------- Linkage ------------------------------------

C:\devkitARM\elfpack2>echo.


C:\devkitARM\elfpack2>pushd obj\

C:\devkitARM\elfpack2\obj>echo.1>scatter.txt

C:\devkitARM\elfpack2\obj>echo UpdDisplInjection 0x100A8DF0 0x00000004 1>>scatter.txt

C:\devkitARM\elfpack2\obj>echo { 1>>scatter.txt

C:\devkitARM\elfpack2\obj>echo  UpdDisplInjection.bin +0 1>>scatter.txt

C:\devkitARM\elfpack2\obj>echo  { 1>>scatter.txt

C:\devkitARM\elfpack2\obj>echo          UpdateDisplayInjection.o(UpdateDisplayInj) 1>>scatter.txt

C:\devkitARM\elfpack2\obj>echo  } 1>>scatter.txt

C:\devkitARM\elfpack2\obj>echo } 1>>scatter.txt

C:\devkitARM\elfpack2\obj>echo.1>>scatter.txt

C:\devkitARM\elfpack2\obj>echo.1>>scatter.txt

C:\devkitARM\elfpack2\obj>echo patch 0x10CF3000 0x00011BBC 1>>scatter.txt

C:\devkitARM\elfpack2\obj>echo { 1>>scatter.txt

C:\devkitARM\elfpack2\obj>echo  patch.bin +0 FIXED 1>>scatter.txt

C:\devkitARM\elfpack2\obj>echo  { 1>>scatter.txt

C:\devkitARM\elfpack2\obj>echo          veneers.o(Veneers, +FIRST) 1>>scatter.txt

C:\devkitARM\elfpack2\obj>echo          *.o(+RO) 1>>scatter.txt

C:\devkitARM\elfpack2\obj>echo          font.o(+RO, +LAST) 1>>scatter.txt

C:\devkitARM\elfpack2\obj>echo          logo.o(+RO, +LAST) 1>>scatter.txt

C:\devkitARM\elfpack2\obj>echo          palette.o(+RO, +LAST) 1>>scatter.txt

C:\devkitARM\elfpack2\obj>echo  } 1>>scatter.txt

C:\devkitARM\elfpack2\obj>echo.1>>scatter.txt

C:\devkitARM\elfpack2\obj>echo  ven +0 1>>scatter.txt

C:\devkitARM\elfpack2\obj>echo  { 1>>scatter.txt

C:\devkitARM\elfpack2\obj>echo          *(Veneer$$Code) 1>>scatter.txt

C:\devkitARM\elfpack2\obj>echo  } 1>>scatter.txt

C:\devkitARM\elfpack2\obj>echo } 1>>scatter.txt

C:\devkitARM\elfpack2\obj>echo.1>>scatter.txt

C:\devkitARM\elfpack2\obj>echo RAM 0x124FD320 0x3e9 1>>scatter.txt

C:\devkitARM\elfpack2\obj>echo { 1>>scatter.txt

C:\devkitARM\elfpack2\obj>echo  RAM1 +0 0x200 1>>scatter.txt

C:\devkitARM\elfpack2\obj>echo  { 1>>scatter.txt

C:\devkitARM\elfpack2\obj>echo          *.o(+RW,+BSS,+ZI) 1>>scatter.txt

C:\devkitARM\elfpack2\obj>echo  } 1>>scatter.txt

C:\devkitARM\elfpack2\obj>echo } 1>>scatter.txt

C:\devkitARM\elfpack2\obj>set obj_input=

C:\devkitARM\elfpack2\obj>for %c in (*.o) do (
set obj_input=!obj_input! %c
 rem echo %c
)

C:\devkitARM\elfpack2\obj>(
set obj_input=!obj_input! API.o
 rem echo API.o
)

C:\devkitARM\elfpack2\obj>(
set obj_input=!obj_input! autorun.o
 rem echo autorun.o
)

C:\devkitARM\elfpack2\obj>(
set obj_input=!obj_input! config.o
 rem echo config.o
)

C:\devkitARM\elfpack2\obj>(
set obj_input=!obj_input! console.o
 rem echo console.o
)

C:\devkitARM\elfpack2\obj>(
set obj_input=!obj_input! dd.o
 rem echo dd.o
)

C:\devkitARM\elfpack2\obj>(
set obj_input=!obj_input! dispCallBacks.o
 rem echo dispCallBacks.o
)

C:\devkitARM\elfpack2\obj>(
set obj_input=!obj_input! dlopen.o
 rem echo dlopen.o
)

C:\devkitARM\elfpack2\obj>(
set obj_input=!obj_input! elfloaderApp.o
 rem echo elfloaderApp.o
)

C:\devkitARM\elfpack2\obj>(
set obj_input=!obj_input! font.o
 rem echo font.o
)

C:\devkitARM\elfpack2\obj>(
set obj_input=!obj_input! ldrUnloadElf.o
 rem echo ldrUnloadElf.o
)

C:\devkitARM\elfpack2\obj>(
set obj_input=!obj_input! libc.o
 rem echo libc.o
)

C:\devkitARM\elfpack2\obj>(
set obj_input=!obj_input! loadCommon.o
 rem echo loadCommon.o
)

C:\devkitARM\elfpack2\obj>(
set obj_input=!obj_input! loadDefLib.o
 rem echo loadDefLib.o
)

C:\devkitARM\elfpack2\obj>(
set obj_input=!obj_input! loadElf.o
 rem echo loadElf.o
)

C:\devkitARM\elfpack2\obj>(
set obj_input=!obj_input! loadLibrary.o
 rem echo loadLibrary.o
)

C:\devkitARM\elfpack2\obj>(
set obj_input=!obj_input! logo.o
 rem echo logo.o
)

C:\devkitARM\elfpack2\obj>(
set obj_input=!obj_input! lolvl.o
 rem echo lolvl.o
)

C:\devkitARM\elfpack2\obj>(
set obj_input=!obj_input! palette.o
 rem echo palette.o
)

C:\devkitARM\elfpack2\obj>(
set obj_input=!obj_input! parser.o
 rem echo parser.o
)

C:\devkitARM\elfpack2\obj>(
set obj_input=!obj_input! patchlib.o
 rem echo patchlib.o
)

C:\devkitARM\elfpack2\obj>(
set obj_input=!obj_input! UpdateDisplayInjection.o
 rem echo UpdateDisplayInjection.o
)

C:\devkitARM\elfpack2\obj>(
set obj_input=!obj_input! utils.o
 rem echo utils.o
)

C:\devkitARM\elfpack2\obj>(
set obj_input=!obj_input! veneers.o
 rem echo veneers.o
)

C:\devkitARM\elfpack2\obj>rem echo  API.o autorun.o config.o console.o dd.o dispCallBacks.o dlopen.o elfloaderApp.o font.o ldrUnloadElf.o libc.o loadCommon.o loadDefLib.o loadElf.o loadLibrary.o logo.o lolvl.o palette.o parser.o patchlib.o UpdateDisplayInjection.o utils.o veneers.o

C:\devkitARM\elfpack2\obj>armlink -scatter scatter.txt -via viafile.txt -symdefs out.sym  API.o autorun.o config.o console.o dd.o dispCallBacks.o dlopen.o elfloaderApp.o font.o ldrUnloadElf.o libc.o loadCommon.o loadDefLib.o loadElf.o loadLibrary.o logo.o lolvl.o palette.o parser.o patchlib.o UpdateDisplayInjection.o utils.o veneers.o R373_G_0E.30.49R.sym -o patch.elf

C:\devkitARM\elfpack2\obj>if ERRORLEVEL 1 goto :error_link

C:\devkitARM\elfpack2\obj>rem pause

C:\devkitARM\elfpack2\obj>set obj_remove=

C:\devkitARM\elfpack2\obj>for %c in (*.o) do (
if /I "%c" NEQ "libc.o" (set obj_remove=!obj_remove! %c )
 rem echo %c
)

C:\devkitARM\elfpack2\obj>(
if /I "API.o" NEQ "libc.o" (set obj_remove=!obj_remove! API.o )
 rem echo API.o
)

C:\devkitARM\elfpack2\obj>(
if /I "autorun.o" NEQ "libc.o" (set obj_remove=!obj_remove! autorun.o )
 rem echo autorun.o
)

C:\devkitARM\elfpack2\obj>(
if /I "config.o" NEQ "libc.o" (set obj_remove=!obj_remove! config.o )
 rem echo config.o
)

C:\devkitARM\elfpack2\obj>(
if /I "console.o" NEQ "libc.o" (set obj_remove=!obj_remove! console.o )
 rem echo console.o
)

C:\devkitARM\elfpack2\obj>(
if /I "dd.o" NEQ "libc.o" (set obj_remove=!obj_remove! dd.o )
 rem echo dd.o
)

C:\devkitARM\elfpack2\obj>(
if /I "dispCallBacks.o" NEQ "libc.o" (set obj_remove=!obj_remove! dispCallBacks.o )
 rem echo dispCallBacks.o
)

C:\devkitARM\elfpack2\obj>(
if /I "dlopen.o" NEQ "libc.o" (set obj_remove=!obj_remove! dlopen.o )
 rem echo dlopen.o
)

C:\devkitARM\elfpack2\obj>(
if /I "elfloaderApp.o" NEQ "libc.o" (set obj_remove=!obj_remove! elfloaderApp.o )
 rem echo elfloaderApp.o
)

C:\devkitARM\elfpack2\obj>(
if /I "font.o" NEQ "libc.o" (set obj_remove=!obj_remove! font.o )
 rem echo font.o
)

C:\devkitARM\elfpack2\obj>(
if /I "ldrUnloadElf.o" NEQ "libc.o" (set obj_remove=!obj_remove! ldrUnloadElf.o )
 rem echo ldrUnloadElf.o
)

C:\devkitARM\elfpack2\obj>(
if /I "libc.o" NEQ "libc.o" (set obj_remove=!obj_remove! libc.o )
 rem echo libc.o
)

C:\devkitARM\elfpack2\obj>(
if /I "loadCommon.o" NEQ "libc.o" (set obj_remove=!obj_remove! loadCommon.o )
 rem echo loadCommon.o
)

C:\devkitARM\elfpack2\obj>(
if /I "loadDefLib.o" NEQ "libc.o" (set obj_remove=!obj_remove! loadDefLib.o )
 rem echo loadDefLib.o
)

C:\devkitARM\elfpack2\obj>(
if /I "loadElf.o" NEQ "libc.o" (set obj_remove=!obj_remove! loadElf.o )
 rem echo loadElf.o
)

C:\devkitARM\elfpack2\obj>(
if /I "loadLibrary.o" NEQ "libc.o" (set obj_remove=!obj_remove! loadLibrary.o )
 rem echo loadLibrary.o
)

C:\devkitARM\elfpack2\obj>(
if /I "logo.o" NEQ "libc.o" (set obj_remove=!obj_remove! logo.o )
 rem echo logo.o
)

C:\devkitARM\elfpack2\obj>(
if /I "lolvl.o" NEQ "libc.o" (set obj_remove=!obj_remove! lolvl.o )
 rem echo lolvl.o
)

C:\devkitARM\elfpack2\obj>(
if /I "palette.o" NEQ "libc.o" (set obj_remove=!obj_remove! palette.o )
 rem echo palette.o
)

C:\devkitARM\elfpack2\obj>(
if /I "parser.o" NEQ "libc.o" (set obj_remove=!obj_remove! parser.o )
 rem echo parser.o
)

C:\devkitARM\elfpack2\obj>(
if /I "patchlib.o" NEQ "libc.o" (set obj_remove=!obj_remove! patchlib.o )
 rem echo patchlib.o
)

C:\devkitARM\elfpack2\obj>(
if /I "UpdateDisplayInjection.o" NEQ "libc.o" (set obj_remove=!obj_remove! UpdateDisplayInjection.o )
 rem echo UpdateDisplayInjection.o
)

C:\devkitARM\elfpack2\obj>(
if /I "utils.o" NEQ "libc.o" (set obj_remove=!obj_remove! utils.o )
 rem echo utils.o
)

C:\devkitARM\elfpack2\obj>(
if /I "veneers.o" NEQ "libc.o" (set obj_remove=!obj_remove! veneers.o )
 rem echo veneers.o
)

C:\devkitARM\elfpack2\obj>rem echo  API.o autorun.o config.o console.o dd.o dispCallBacks.o dlopen.o elfloaderApp.o font.o ldrUnloadElf.o libc.o loadCommon.o loadDefLib.o loadElf.o loadLibrary.o logo.o lolvl.o palette.o parser.o patchlib.o UpdateDisplayInjection.o utils.o veneers.o

C:\devkitARM\elfpack2\obj>popd

C:\devkitARM\elfpack2>echo DONE
DONE

C:\devkitARM\elfpack2>echo.


C:\devkitARM\elfpack2>echo -------------------------------- Making Patches --------------------------------
-------------------------------- Making Patches --------------------------------

C:\devkitARM\elfpack2>echo.


C:\devkitARM\elfpack2>pushd build\

C:\devkitARM\elfpack2\build>rem increment  counter

C:\devkitARM\elfpack2\build>if not exist build.txt echo 0  1>build.txt

C:\devkitARM\elfpack2\build>set /p build= 0<build.txt

C:\devkitARM\elfpack2\build>set /a build="build+1"

C:\devkitARM\elfpack2\build>echo 1  1>build.txt

C:\devkitARM\elfpack2\build>echo BUILD: 1
BUILD: 1

C:\devkitARM\elfpack2\build>rem
Could Not Find C:\devkitARM\elfpack2\build\patch.fpa

C:\devkitARM\elfpack2\build>fromelf patch.elf -bin -output .

C:\devkitARM\elfpack2\build>if ERRORLEVEL 1 goto :error_fe

C:\devkitARM\elfpack2\build>echo 0x10CF3000 0x00C73000
0x10CF3000 0x00C73000

C:\devkitARM\elfpack2\build>BinToFpa 00C73000 patch.bin
BinToFpa by AzT59 Perm 2007

Use      BinToFpa.exe StartAdr InputFile
Example  BinToFpa.exe 03FC0000 Test.bin

SW_Ver=
Description=ELFPack v2.0
Author=Andy51 & tim apple

C:\devkitARM\elfpack2\build>BinToFpa 00028DF0 UpdDisplInjection.bin
BinToFpa by AzT59 Perm 2007

Use      BinToFpa.exe StartAdr InputFile
Example  BinToFpa.exe 03FC0000 Test.bin

SW_Ver=
Description=ELFPack v2.0
Author=Andy51 & tim apple

C:\devkitARM\elfpack2\build>rem @del /Q patch.bin UpdDisplInjection.bin >nul

C:\devkitARM\elfpack2\build>findstr "elfpackEntry_ven" out.sym  1>res.txt

C:\devkitARM\elfpack2\build>set /p register_addr= 0<res.txt

C:\devkitARM\elfpack2\build>set /a register_addr=0x10cf3000+1

C:\devkitARM\elfpack2\build>dec2hex 282013697  1>res.txt

C:\devkitARM\elfpack2\build>set /p register_addr= 0<res.txt

C:\devkitARM\elfpack2\build>echo 0x10CF3001
0x10CF3001

C:\devkitARM\elfpack2\build>rem

C:\devkitARM\elfpack2\build>echo DONE
DONE

C:\devkitARM\elfpack2\build>echo.


C:\devkitARM\elfpack2\build>echo --------------------------- Create All-In-One patch ----------------------------
--------------------------- Create All-In-One patch ----------------------------

C:\devkitARM\elfpack2\build>echo.


C:\devkitARM\elfpack2\build>rem ∩εδ≤≈σφΦσ φε∞σ≡α ≡σΓΦτΦΦ

C:\devkitARM\elfpack2\build>SubWCRev .. SubWCRev.tmpl SubWCRev.txt
'SubWCRev' is not recognized as an internal or external command,
operable program or batch file.

C:\devkitARM\elfpack2\build>set /p revision= 0<SubWCRev.txt
The system cannot find the file specified.

C:\devkitARM\elfpack2\build>set revision=r.

C:\devkitARM\elfpack2\build>echo r.
r.

C:\devkitARM\elfpack2\build>Uniter UpdDisplInjection.fpa Register.fpa patch.fpa
Patches:
UpdDisplInjection.fpa, Register.fpa, patch.fpa, is united and saved as ResultPatch.fpa into program directory.

C:\devkitARM\elfpack2\build>copy /Y ResultPatch.fpa patch\R373_G_0E.30.49R.fpa
The system cannot find the path specified.
        0 file(s) copied.

C:\devkitARM\elfpack2\build>popd

C:\devkitARM\elfpack2>echo DONE
DONE

C:\devkitARM\elfpack2>echo.


C:\devkitARM\elfpack2>echo ===================================== END ======================================
===================================== END ======================================

C:\devkitARM\elfpack2>echo.


C:\devkitARM\elfpack2>rem @del /Q patch.elf >nul

C:\devkitARM\elfpack2>goto :exit

C:\devkitARM\elfpack2>rem pause

C:\devkitARM\elfpack2>exit

C:\devkitARM\elfpack2>if ERRORLEVEL 1 (
echo.
 echo DONE WITH ERRORS
 pause
)  else (
echo.
 echo DONE SUCCESS
)

DONE SUCCESS
C:\devkitARM\elfpack2>
C:\devkitARM\elfpack2>
